[INFO] Scanning for projects...
[INFO] 
[INFO] ------------------------< com.example:hosptial >------------------------
[INFO] Building hosptial 0.0.1-SNAPSHOT
[INFO]   from pom.xml
[INFO] --------------------------------[ jar ]---------------------------------
[INFO] 
[INFO] --- resources:3.3.1:resources (default-resources) @ hosptial ---
[INFO] Copying 1 resource from src\main\resources to target\classes
[INFO] Copying 0 resource from src\main\resources to target\classes
[INFO] 
[INFO] --- compiler:3.14.1:compile (default-compile) @ hosptial ---
[INFO] Recompiling the module because of changed source code.
[INFO] Compiling 37 source files with javac [debug parameters release 17] to target\classes
[INFO] -------------------------------------------------------------
[ERROR] COMPILATION ERROR : 
[INFO] -------------------------------------------------------------
[ERROR] /C:/Users/aasth/OneDrive/Desktop/backend/hospital/hospital_management/src/main/java/com/example/hosptial/AppointmentServiceTest.java:[3,36] package org.junit.jupiter.api does not exist
[ERROR] /C:/Users/aasth/OneDrive/Desktop/backend/hospital/hospital_management/src/main/java/com/example/hosptial/AppointmentServiceTest.java:[4,26] package org.mockito does not exist
[ERROR] /C:/Users/aasth/OneDrive/Desktop/backend/hospital/hospital_management/src/main/java/com/example/hosptial/AppointmentServiceTest.java:[10,29] package org.junit.jupiter.api does not exist
[ERROR] /C:/Users/aasth/OneDrive/Desktop/backend/hospital/hospital_management/src/main/java/com/example/hosptial/AppointmentServiceTest.java:[11,19] package org.mockito does not exist
[ERROR] /C:/Users/aasth/OneDrive/Desktop/backend/hospital/hospital_management/src/main/java/com/example/hosptial/AppointmentServiceTest.java:[15,6] cannot find symbol
  symbol:   class Test
  location: class com.example.hosptial.AppointmentServiceTest
[ERROR] /C:/Users/aasth/OneDrive/Desktop/backend/hospital/hospital_management/src/main/java/com/example/hosptial/AppointmentServiceTest.java:[53,6] cannot find symbol
  symbol:   class Test
  location: class com.example.hosptial.AppointmentServiceTest
[ERROR] /C:/Users/aasth/OneDrive/Desktop/backend/hospital/hospital_management/src/main/java/com/example/hosptial/AppointmentServiceTest.java:[17,55] cannot find symbol
  symbol:   method mock(java.lang.Class<com.example.hosptial.AppointmentRepository>)
  location: class com.example.hosptial.AppointmentServiceTest
[ERROR] /C:/Users/aasth/OneDrive/Desktop/backend/hospital/hospital_management/src/main/java/com/example/hosptial/AppointmentServiceTest.java:[18,47] cannot find symbol
  symbol:   method mock(java.lang.Class<com.example.hosptial.PatientRepository>)
  location: class com.example.hosptial.AppointmentServiceTest
[ERROR] /C:/Users/aasth/OneDrive/Desktop/backend/hospital/hospital_management/src/main/java/com/example/hosptial/AppointmentServiceTest.java:[19,45] cannot find symbol
  symbol:   method mock(java.lang.Class<com.example.hosptial.DoctorRepository>)
  location: class com.example.hosptial.AppointmentServiceTest
[ERROR] /C:/Users/aasth/OneDrive/Desktop/backend/hospital/hospital_management/src/main/java/com/example/hosptial/AppointmentServiceTest.java:[27,9] cannot find symbol
  symbol:   method when(java.util.Optional<com.example.hosptial.Patient>)
  location: class com.example.hosptial.AppointmentServiceTest
[ERROR] /C:/Users/aasth/OneDrive/Desktop/backend/hospital/hospital_management/src/main/java/com/example/hosptial/AppointmentServiceTest.java:[28,9] cannot find symbol
  symbol:   method when(java.util.Optional<com.example.hosptial.Doctor>)
  location: class com.example.hosptial.AppointmentServiceTest
[ERROR] /C:/Users/aasth/OneDrive/Desktop/backend/hospital/hospital_management/src/main/java/com/example/hosptial/AppointmentServiceTest.java:[29,9] cannot find symbol
  symbol:   method when(boolean)
  location: class com.example.hosptial.AppointmentServiceTest
[ERROR] /C:/Users/aasth/OneDrive/Desktop/backend/hospital/hospital_management/src/main/java/com/example/hosptial/AppointmentServiceTest.java:[42,9] cannot find symbol
  symbol:   class ArgumentCaptor
  location: class com.example.hosptial.AppointmentServiceTest
[ERROR] /C:/Users/aasth/OneDrive/Desktop/backend/hospital/hospital_management/src/main/java/com/example/hosptial/AppointmentServiceTest.java:[42,46] cannot find symbol
  symbol:   variable ArgumentCaptor
  location: class com.example.hosptial.AppointmentServiceTest
[ERROR] /C:/Users/aasth/OneDrive/Desktop/backend/hospital/hospital_management/src/main/java/com/example/hosptial/AppointmentServiceTest.java:[43,9] cannot find symbol
  symbol:   method verify(com.example.hosptial.AppointmentRepository)
  location: class com.example.hosptial.AppointmentServiceTest
[ERROR] /C:/Users/aasth/OneDrive/Desktop/backend/hospital/hospital_management/src/main/java/com/example/hosptial/AppointmentServiceTest.java:[46,9] cannot find symbol
  symbol:   method assertEquals(java.time.LocalDate,java.time.LocalDate)
  location: class com.example.hosptial.AppointmentServiceTest
[ERROR] /C:/Users/aasth/OneDrive/Desktop/backend/hospital/hospital_management/src/main/java/com/example/hosptial/AppointmentServiceTest.java:[47,9] cannot find symbol
  symbol:   method assertEquals(java.time.LocalTime,java.time.LocalTime)
  location: class com.example.hosptial.AppointmentServiceTest
[ERROR] /C:/Users/aasth/OneDrive/Desktop/backend/hospital/hospital_management/src/main/java/com/example/hosptial/AppointmentServiceTest.java:[48,9] cannot find symbol
  symbol:   method assertEquals(com.example.hosptial.AppointmentStatus,com.example.hosptial.AppointmentStatus)
  location: class com.example.hosptial.AppointmentServiceTest
[ERROR] /C:/Users/aasth/OneDrive/Desktop/backend/hospital/hospital_management/src/main/java/com/example/hosptial/AppointmentServiceTest.java:[49,9] cannot find symbol
  symbol:   method assertSame(com.example.hosptial.Patient,com.example.hosptial.Patient)
  location: class com.example.hosptial.AppointmentServiceTest
[ERROR] /C:/Users/aasth/OneDrive/Desktop/backend/hospital/hospital_management/src/main/java/com/example/hosptial/AppointmentServiceTest.java:[50,9] cannot find symbol
  symbol:   method assertSame(com.example.hosptial.Doctor,com.example.hosptial.Doctor)
  location: class com.example.hosptial.AppointmentServiceTest
[ERROR] /C:/Users/aasth/OneDrive/Desktop/backend/hospital/hospital_management/src/main/java/com/example/hosptial/AppointmentServiceTest.java:[55,55] cannot find symbol
  symbol:   method mock(java.lang.Class<com.example.hosptial.AppointmentRepository>)
  location: class com.example.hosptial.AppointmentServiceTest
[ERROR] /C:/Users/aasth/OneDrive/Desktop/backend/hospital/hospital_management/src/main/java/com/example/hosptial/AppointmentServiceTest.java:[56,47] cannot find symbol
  symbol:   method mock(java.lang.Class<com.example.hosptial.PatientRepository>)
  location: class com.example.hosptial.AppointmentServiceTest
[ERROR] /C:/Users/aasth/OneDrive/Desktop/backend/hospital/hospital_management/src/main/java/com/example/hosptial/AppointmentServiceTest.java:[57,45] cannot find symbol
  symbol:   method mock(java.lang.Class<com.example.hosptial.DoctorRepository>)
  location: class com.example.hosptial.AppointmentServiceTest
[ERROR] /C:/Users/aasth/OneDrive/Desktop/backend/hospital/hospital_management/src/main/java/com/example/hosptial/AppointmentServiceTest.java:[65,9] cannot find symbol
  symbol:   method when(java.util.Optional<com.example.hosptial.Patient>)
  location: class com.example.hosptial.AppointmentServiceTest
[ERROR] /C:/Users/aasth/OneDrive/Desktop/backend/hospital/hospital_management/src/main/java/com/example/hosptial/AppointmentServiceTest.java:[66,9] cannot find symbol
  symbol:   method when(java.util.Optional<com.example.hosptial.Doctor>)
  location: class com.example.hosptial.AppointmentServiceTest
[ERROR] /C:/Users/aasth/OneDrive/Desktop/backend/hospital/hospital_management/src/main/java/com/example/hosptial/AppointmentServiceTest.java:[67,9] cannot find symbol
  symbol:   method when(boolean)
  location: class com.example.hosptial.AppointmentServiceTest
[ERROR] /C:/Users/aasth/OneDrive/Desktop/backend/hospital/hospital_management/src/main/java/com/example/hosptial/AppointmentServiceTest.java:[78,38] cannot find symbol
  symbol:   method assertThrows(java.lang.Class<java.lang.RuntimeException>,()->servic[...]uest))
  location: class com.example.hosptial.AppointmentServiceTest
[ERROR] /C:/Users/aasth/OneDrive/Desktop/backend/hospital/hospital_management/src/main/java/com/example/hosptial/AppointmentServiceTest.java:[79,9] cannot find symbol
  symbol:   method assertEquals(java.lang.String,java.lang.String)
  location: class com.example.hosptial.AppointmentServiceTest
[ERROR] /C:/Users/aasth/OneDrive/Desktop/backend/hospital/hospital_management/src/main/java/com/example/hosptial/AppointmentServiceTest.java:[81,39] cannot find symbol
  symbol:   method never()
  location: class com.example.hosptial.AppointmentServiceTest
[ERROR] /C:/Users/aasth/OneDrive/Desktop/backend/hospital/hospital_management/src/main/java/com/example/hosptial/AppointmentServiceTest.java:[81,53] cannot find symbol
  symbol:   method any()
  location: class com.example.hosptial.AppointmentServiceTest
[INFO] 30 errors 
[INFO] -------------------------------------------------------------
[INFO] ------------------------------------------------------------------------
[INFO] BUILD FAILURE
[INFO] ------------------------------------------------------------------------
[INFO] Total time:  11.170 s
[INFO] Finished at: 2026-04-26T18:01:52+05:30
[INFO] ------------------------------------------------------------------------
[ERROR] Failed to execute goal org.apache.maven.plugins:maven-compiler-plugin:3.14.1:compile (default-compile) on project hosptial: Compilation failure: Compilation failure: 
[ERROR] /C:/Users/aasth/OneDrive/Desktop/backend/hospital/hospital_management/src/main/java/com/example/hosptial/AppointmentServiceTest.java:[3,36] package org.junit.jupiter.api does not exist
[ERROR] /C:/Users/aasth/OneDrive/Desktop/backend/hospital/hospital_management/src/main/java/com/example/hosptial/AppointmentServiceTest.java:[4,26] package org.mockito does not exist
[ERROR] /C:/Users/aasth/OneDrive/Desktop/backend/hospital/hospital_management/src/main/java/com/example/hosptial/AppointmentServiceTest.java:[10,29] package org.junit.jupiter.api does not exist
[ERROR] /C:/Users/aasth/OneDrive/Desktop/backend/hospital/hospital_management/src/main/java/com/example/hosptial/AppointmentServiceTest.java:[11,19] package org.mockito does not exist
[ERROR] /C:/Users/aasth/OneDrive/Desktop/backend/hospital/hospital_management/src/main/java/com/example/hosptial/AppointmentServiceTest.java:[15,6] cannot find symbol
[ERROR]   symbol:   class Test
[ERROR]   location: class com.example.hosptial.AppointmentServiceTest
[ERROR] /C:/Users/aasth/OneDrive/Desktop/backend/hospital/hospital_management/src/main/java/com/example/hosptial/AppointmentServiceTest.java:[53,6] cannot find symbol
[ERROR]   symbol:   class Test
[ERROR]   location: class com.example.hosptial.AppointmentServiceTest
[ERROR] /C:/Users/aasth/OneDrive/Desktop/backend/hospital/hospital_management/src/main/java/com/example/hosptial/AppointmentServiceTest.java:[17,55] cannot find symbol
[ERROR]   symbol:   method mock(java.lang.Class<com.example.hosptial.AppointmentRepository>)
[ERROR]   location: class com.example.hosptial.AppointmentServiceTest
[ERROR] /C:/Users/aasth/OneDrive/Desktop/backend/hospital/hospital_management/src/main/java/com/example/hosptial/AppointmentServiceTest.java:[18,47] cannot find symbol
[ERROR]   symbol:   method mock(java.lang.Class<com.example.hosptial.PatientRepository>)
[ERROR]   location: class com.example.hosptial.AppointmentServiceTest
[ERROR] /C:/Users/aasth/OneDrive/Desktop/backend/hospital/hospital_management/src/main/java/com/example/hosptial/AppointmentServiceTest.java:[19,45] cannot find symbol
[ERROR]   symbol:   method mock(java.lang.Class<com.example.hosptial.DoctorRepository>)
[ERROR]   location: class com.example.hosptial.AppointmentServiceTest
[ERROR] /C:/Users/aasth/OneDrive/Desktop/backend/hospital/hospital_management/src/main/java/com/example/hosptial/AppointmentServiceTest.java:[27,9] cannot find symbol
[ERROR]   symbol:   method when(java.util.Optional<com.example.hosptial.Patient>)
[ERROR]   location: class com.example.hosptial.AppointmentServiceTest
[ERROR] /C:/Users/aasth/OneDrive/Desktop/backend/hospital/hospital_management/src/main/java/com/example/hosptial/AppointmentServiceTest.java:[28,9] cannot find symbol
[ERROR]   symbol:   method when(java.util.Optional<com.example.hosptial.Doctor>)
[ERROR]   location: class com.example.hosptial.AppointmentServiceTest
[ERROR] /C:/Users/aasth/OneDrive/Desktop/backend/hospital/hospital_management/src/main/java/com/example/hosptial/AppointmentServiceTest.java:[29,9] cannot find symbol
[ERROR]   symbol:   method when(boolean)
[ERROR]   location: class com.example.hosptial.AppointmentServiceTest
[ERROR] /C:/Users/aasth/OneDrive/Desktop/backend/hospital/hospital_management/src/main/java/com/example/hosptial/AppointmentServiceTest.java:[42,9] cannot find symbol
[ERROR]   symbol:   class ArgumentCaptor
[ERROR]   location: class com.example.hosptial.AppointmentServiceTest
[ERROR] /C:/Users/aasth/OneDrive/Desktop/backend/hospital/hospital_management/src/main/java/com/example/hosptial/AppointmentServiceTest.java:[42,46] cannot find symbol
[ERROR]   symbol:   variable ArgumentCaptor
[ERROR]   location: class com.example.hosptial.AppointmentServiceTest
[ERROR] /C:/Users/aasth/OneDrive/Desktop/backend/hospital/hospital_management/src/main/java/com/example/hosptial/AppointmentServiceTest.java:[43,9] cannot find symbol
[ERROR]   symbol:   method verify(com.example.hosptial.AppointmentRepository)
[ERROR]   location: class com.example.hosptial.AppointmentServiceTest
[ERROR] /C:/Users/aasth/OneDrive/Desktop/backend/hospital/hospital_management/src/main/java/com/example/hosptial/AppointmentServiceTest.java:[46,9] cannot find symbol
[ERROR]   symbol:   method assertEquals(java.time.LocalDate,java.time.LocalDate)
[ERROR]   location: class com.example.hosptial.AppointmentServiceTest
[ERROR] /C:/Users/aasth/OneDrive/Desktop/backend/hospital/hospital_management/src/main/java/com/example/hosptial/AppointmentServiceTest.java:[47,9] cannot find symbol
[ERROR]   symbol:   method assertEquals(java.time.LocalTime,java.time.LocalTime)
[ERROR]   location: class com.example.hosptial.AppointmentServiceTest
[ERROR] /C:/Users/aasth/OneDrive/Desktop/backend/hospital/hospital_management/src/main/java/com/example/hosptial/AppointmentServiceTest.java:[48,9] cannot find symbol
[ERROR]   symbol:   method assertEquals(com.example.hosptial.AppointmentStatus,com.example.hosptial.AppointmentStatus)
[ERROR]   location: class com.example.hosptial.AppointmentServiceTest
[ERROR] /C:/Users/aasth/OneDrive/Desktop/backend/hospital/hospital_management/src/main/java/com/example/hosptial/AppointmentServiceTest.java:[49,9] cannot find symbol
[ERROR]   symbol:   method assertSame(com.example.hosptial.Patient,com.example.hosptial.Patient)
[ERROR]   location: class com.example.hosptial.AppointmentServiceTest
[ERROR] /C:/Users/aasth/OneDrive/Desktop/backend/hospital/hospital_management/src/main/java/com/example/hosptial/AppointmentServiceTest.java:[50,9] cannot find symbol
[ERROR]   symbol:   method assertSame(com.example.hosptial.Doctor,com.example.hosptial.Doctor)
[ERROR]   location: class com.example.hosptial.AppointmentServiceTest
[ERROR] /C:/Users/aasth/OneDrive/Desktop/backend/hospital/hospital_management/src/main/java/com/example/hosptial/AppointmentServiceTest.java:[55,55] cannot find symbol
[ERROR]   symbol:   method mock(java.lang.Class<com.example.hosptial.AppointmentRepository>)
[ERROR]   location: class com.example.hosptial.AppointmentServiceTest
[ERROR] /C:/Users/aasth/OneDrive/Desktop/backend/hospital/hospital_management/src/main/java/com/example/hosptial/AppointmentServiceTest.java:[56,47] cannot find symbol
[ERROR]   symbol:   method mock(java.lang.Class<com.example.hosptial.PatientRepository>)
[ERROR]   location: class com.example.hosptial.AppointmentServiceTest
[ERROR] /C:/Users/aasth/OneDrive/Desktop/backend/hospital/hospital_management/src/main/java/com/example/hosptial/AppointmentServiceTest.java:[57,45] cannot find symbol
[ERROR]   symbol:   method mock(java.lang.Class<com.example.hosptial.DoctorRepository>)
[ERROR]   location: class com.example.hosptial.AppointmentServiceTest
[ERROR] /C:/Users/aasth/OneDrive/Desktop/backend/hospital/hospital_management/src/main/java/com/example/hosptial/AppointmentServiceTest.java:[65,9] cannot find symbol
[ERROR]   symbol:   method when(java.util.Optional<com.example.hosptial.Patient>)
[ERROR]   location: class com.example.hosptial.AppointmentServiceTest
[ERROR] /C:/Users/aasth/OneDrive/Desktop/backend/hospital/hospital_management/src/main/java/com/example/hosptial/AppointmentServiceTest.java:[66,9] cannot find symbol
[ERROR]   symbol:   method when(java.util.Optional<com.example.hosptial.Doctor>)
[ERROR]   location: class com.example.hosptial.AppointmentServiceTest
[ERROR] /C:/Users/aasth/OneDrive/Desktop/backend/hospital/hospital_management/src/main/java/com/example/hosptial/AppointmentServiceTest.java:[67,9] cannot find symbol
[ERROR]   symbol:   method when(boolean)
[ERROR]   location: class com.example.hosptial.AppointmentServiceTest
[ERROR] /C:/Users/aasth/OneDrive/Desktop/backend/hospital/hospital_management/src/main/java/com/example/hosptial/AppointmentServiceTest.java:[78,38] cannot find symbol
[ERROR]   symbol:   method assertThrows(java.lang.Class<java.lang.RuntimeException>,()->servic[...]uest))
[ERROR]   location: class com.example.hosptial.AppointmentServiceTest
[ERROR] /C:/Users/aasth/OneDrive/Desktop/backend/hospital/hospital_management/src/main/java/com/example/hosptial/AppointmentServiceTest.java:[79,9] cannot find symbol
[ERROR]   symbol:   method assertEquals(java.lang.String,java.lang.String)
[ERROR]   location: class com.example.hosptial.AppointmentServiceTest
[ERROR] /C:/Users/aasth/OneDrive/Desktop/backend/hospital/hospital_management/src/main/java/com/example/hosptial/AppointmentServiceTest.java:[81,39] cannot find symbol
[ERROR]   symbol:   method never()
[ERROR]   location: class com.example.hosptial.AppointmentServiceTest
[ERROR] /C:/Users/aasth/OneDrive/Desktop/backend/hospital/hospital_management/src/main/java/com/example/hosptial/AppointmentServiceTest.java:[81,53] cannot find symbol
[ERROR]   symbol:   method any()
[ERROR]   location: class com.example.hosptial.AppointmentServiceTest
[ERROR] -> [Help 1]
[ERROR] 
[ERROR] To see the full stack trace of the errors, re-run Maven with the -e switch.
[ERROR] Re-run Maven using the -X switch to enable full debug logging.
[ERROR] 
[ERROR] For more information about the errors and possible solutions, please read the following articles:
[ERROR] [Help 1] http://cwiki.apache.org/confluence/display/MAVEN/MojoFailureException
